// Jest Snapshot v1, https://goo.gl/fbAQLP

exports[`Test TrainTable Componen- Snapshot testing 1`] = `
<div
  data-testid="train-1"
>
  abcd
</div>
`;
